###############################################################################
#
# IAR ELF Linker V7.50.3.10732/W32 for ARM                19/Mar/2016  21:36:12
# Copyright 2007-2016 IAR Systems AB.
#
#    Output file  =  D:\Dropbox\STM32\STM32_SamplePrj_C\Debug\Exe\c.out
#    Map file     =  D:\Dropbox\STM32\STM32_SamplePrj_C\Debug\List\c.map
#    Command line =  
#        D:\Dropbox\STM32\STM32_SamplePrj_C\Debug\Obj\GlobalError.o
#        D:\Dropbox\STM32\STM32_SamplePrj_C\Debug\Obj\interrupts.o
#        D:\Dropbox\STM32\STM32_SamplePrj_C\Debug\Obj\lcd.o
#        D:\Dropbox\STM32\STM32_SamplePrj_C\Debug\Obj\main.o
#        D:\Dropbox\STM32\STM32_SamplePrj_C\Debug\Obj\startup_stm32f10x_md.o
#        D:\Dropbox\STM32\STM32_SamplePrj_C\Debug\Obj\STM32F10xXX_SPI.o
#        D:\Dropbox\STM32\STM32_SamplePrj_C\Debug\Obj\STM32F10xXX_USART.o
#        D:\Dropbox\STM32\STM32_SamplePrj_C\Debug\Obj\system_stm32f10x.o
#        D:\Dropbox\STM32\STM32_SamplePrj_C\Debug\Obj\UserConfig.o -o
#        D:\Dropbox\STM32\STM32_SamplePrj_C\Debug\Exe\c.out --map
#        D:\Dropbox\STM32\STM32_SamplePrj_C\Debug\List\c.map --config
#        "C:\Program Files (x86)\IAR Systems\Embedded Workbench
#        7.5\arm\config\linker\ST\stm32f103xB.icf" --semihosting --entry
#        __iar_program_start --vfe
#
###############################################################################

*******************************************************************************
*** RUNTIME MODEL ATTRIBUTES
***

CppFlavor       = *
__CPP_Language  = EC++
__SystemLibrary = DLib


*******************************************************************************
*** PLACEMENT SUMMARY
***

"A1":  place at 0x08000000 { ro section .intvec };
"P1":  place in [from 0x08000000 to 0x0801ffff] { ro };
"P2":  place in [from 0x20000000 to 0x20004fff] { rw, block CSTACK, block HEAP };

  Section          Kind        Address   Size  Object
  -------          ----        -------   ----  ------
"A1":                                    0xec
  .intvec          ro code  0x08000000   0xec  startup_stm32f10x_md.o [1]
                          - 0x080000ec   0xec

"P1":                                   0x4b4
  .text            ro code  0x080000ec  0x158  system_stm32f10x.o [1]
  .text            ro code  0x08000244  0x14c  UserConfig.o [1]
  .text            ro code  0x08000390   0x40  zero_init3.o [4]
  .text            ro code  0x080003d0   0x3c  interrupts.o [1]
  .text            ro code  0x0800040c   0x30  main.o [1]
  .text            ro code  0x0800043c   0x28  data_init.o [4]
  .iar.init_table  const    0x08000464   0x10  - Linker created -
  .text            ro code  0x08000474   0x1a  cmain.o [4]
  .text            ro code  0x0800048e    0x4  low_level_init.o [3]
  .text            ro code  0x08000492    0x4  exit.o [3]
  .text            ro code  0x08000498    0xa  cexit.o [4]
  .text            ro code  0x080004a4   0x14  exit.o [5]
  .text            ro code  0x080004b8   0x10  startup_stm32f10x_md.o [1]
  .text            ro code  0x080004c8    0xc  cstartup_M.o [4]
  .text            ro code  0x080004d4    0x4  startup_stm32f10x_md.o [1]
  .text            ro code  0x080004d8    0x4  startup_stm32f10x_md.o [1]
  .text            ro code  0x080004dc    0x4  startup_stm32f10x_md.o [1]
  .text            ro code  0x080004e0    0x4  startup_stm32f10x_md.o [1]
  .text            ro code  0x080004e4    0x4  startup_stm32f10x_md.o [1]
  .text            ro code  0x080004e8    0x4  startup_stm32f10x_md.o [1]
  .text            ro code  0x080004ec    0x4  startup_stm32f10x_md.o [1]
  .text            ro code  0x080004f0    0x4  startup_stm32f10x_md.o [1]
  .text            ro code  0x080004f4    0x4  startup_stm32f10x_md.o [1]
  .text            ro code  0x080004f8    0x4  startup_stm32f10x_md.o [1]
  .text            ro code  0x080004fc    0x4  startup_stm32f10x_md.o [1]
  .text            ro code  0x08000500    0x4  startup_stm32f10x_md.o [1]
  .text            ro code  0x08000504    0x4  startup_stm32f10x_md.o [1]
  .text            ro code  0x08000508    0x4  startup_stm32f10x_md.o [1]
  .text            ro code  0x0800050c    0x4  startup_stm32f10x_md.o [1]
  .text            ro code  0x08000510    0x4  startup_stm32f10x_md.o [1]
  .text            ro code  0x08000514    0x4  startup_stm32f10x_md.o [1]
  .text            ro code  0x08000518    0x4  startup_stm32f10x_md.o [1]
  .text            ro code  0x0800051c    0x4  startup_stm32f10x_md.o [1]
  .text            ro code  0x08000520    0x4  startup_stm32f10x_md.o [1]
  .text            ro code  0x08000524    0x4  startup_stm32f10x_md.o [1]
  .text            ro code  0x08000528    0x4  startup_stm32f10x_md.o [1]
  .text            ro code  0x0800052c    0x4  startup_stm32f10x_md.o [1]
  .text            ro code  0x08000530    0x4  startup_stm32f10x_md.o [1]
  .text            ro code  0x08000534    0x4  startup_stm32f10x_md.o [1]
  .text            ro code  0x08000538    0x4  startup_stm32f10x_md.o [1]
  .text            ro code  0x0800053c    0x4  startup_stm32f10x_md.o [1]
  .text            ro code  0x08000540    0x4  startup_stm32f10x_md.o [1]
  .text            ro code  0x08000544    0x4  startup_stm32f10x_md.o [1]
  .text            ro code  0x08000548    0x4  startup_stm32f10x_md.o [1]
  .text            ro code  0x0800054c    0x4  startup_stm32f10x_md.o [1]
  .text            ro code  0x08000550    0x4  startup_stm32f10x_md.o [1]
  .text            ro code  0x08000554    0x4  startup_stm32f10x_md.o [1]
  .text            ro code  0x08000558    0x4  startup_stm32f10x_md.o [1]
  .text            ro code  0x0800055c    0x4  startup_stm32f10x_md.o [1]
  .text            ro code  0x08000560    0x4  startup_stm32f10x_md.o [1]
  .text            ro code  0x08000564    0x4  startup_stm32f10x_md.o [1]
  .text            ro code  0x08000568    0x4  startup_stm32f10x_md.o [1]
  .text            ro code  0x0800056c    0x4  startup_stm32f10x_md.o [1]
  .text            ro code  0x08000570    0x4  startup_stm32f10x_md.o [1]
  .text            ro code  0x08000574    0x4  startup_stm32f10x_md.o [1]
  .text            ro code  0x08000578    0x4  startup_stm32f10x_md.o [1]
  .text            ro code  0x0800057c    0x4  startup_stm32f10x_md.o [1]
  .text            ro code  0x08000580    0x4  startup_stm32f10x_md.o [1]
  .text            ro code  0x08000584    0x4  startup_stm32f10x_md.o [1]
  .text            ro code  0x08000588    0x4  startup_stm32f10x_md.o [1]
  .text            ro code  0x0800058c    0x4  startup_stm32f10x_md.o [1]
  .text            ro code  0x08000590    0x4  startup_stm32f10x_md.o [1]
  .text            ro code  0x08000594    0x4  startup_stm32f10x_md.o [1]
  .text            ro code  0x08000598    0x4  startup_stm32f10x_md.o [1]
  .text            ro code  0x0800059c    0x4  startup_stm32f10x_md.o [1]
  .rodata          const    0x080005a0    0x0  zero_init3.o [4]
                          - 0x080005a0  0x4b4

"P2", part 1 of 2:                        0x8
  .bss             zero     0x20000000    0x4  interrupts.o [1]
  .bss             zero     0x20000004    0x1  main.o [1]
                          - 0x20000005    0x5

"P2", part 2 of 2:                      0x800
  CSTACK                    0x20000008  0x800  <Block>
    CSTACK         uninit   0x20000008  0x800  <Block tail>
                          - 0x20000808  0x800


*******************************************************************************
*** INIT TABLE
***

          Address     Size
          -------     ----
Zero (__iar_zero_init3)
    1 destination range, total size 0x5:
          0x20000000   0x5



*******************************************************************************
*** MODULE SUMMARY
***

    Module                  ro code  ro data  rw data
    ------                  -------  -------  -------
D:\Dropbox\STM32\STM32_SamplePrj_C\Debug\Obj: [1]
    UserConfig.o                332
    interrupts.o                 60                 4
    main.o                       48                 1
    startup_stm32f10x_md.o      456
    system_stm32f10x.o          344
    -------------------------------------------------
    Total:                    1 240                 5

command line: [2]
    -------------------------------------------------
    Total:

dl7M_tln.a: [3]
    exit.o                        4
    low_level_init.o              4
    -------------------------------------------------
    Total:                        8

rt7M_tl.a: [4]
    cexit.o                      10
    cmain.o                      26
    cstartup_M.o                 12
    data_init.o                  40
    zero_init3.o                 64
    -------------------------------------------------
    Total:                      152

shb_l.a: [5]
    exit.o                       20
    -------------------------------------------------
    Total:                       20

    Gaps                          4
    Linker created                        16    2 048
-----------------------------------------------------
    Grand Total:              1 424       16    2 053


*******************************************************************************
*** ENTRY LIST
***

Entry                      Address   Size  Type      Object
-----                      -------   ----  ----      ------
.iar.init_table$$Base   0x08000464          --   Gb  - Linker created -
.iar.init_table$$Limit  0x08000474          --   Gb  - Linker created -
?main                   0x08000475         Code  Gb  cmain.o [4]
CSTACK$$Base            0x20000008          --   Gb  - Linker created -
CSTACK$$Limit           0x20000808          --   Gb  - Linker created -
Flag1                   0x20000004    0x1  Data  Gb  main.o [1]
InitPinout              0x08000259  0x116  Code  Gb  UserConfig.o [1]
InitSysTick             0x08000245   0x14  Code  Gb  UserConfig.o [1]
Region$$Table$$Base     0x08000464          --   Gb  - Linker created -
Region$$Table$$Limit    0x08000474          --   Gb  - Linker created -
SetSysClock             0x08000141    0x8  Code  Lc  system_stm32f10x.o [1]
SetSysClockTo72         0x08000149   0xe0  Code  Lc  system_stm32f10x.o [1]
SysTick_Handler         0x080003d1   0x3c  Code  Gb  interrupts.o [1]
SystemInit              0x080000ed   0x54  Code  Gb  system_stm32f10x.o [1]
__cmain                 0x08000475         Code  Gb  cmain.o [4]
__exit                  0x080004a5   0x14  Code  Gb  exit.o [5]
__iar_data_init3        0x0800043d   0x28  Code  Gb  data_init.o [4]
__iar_program_start     0x080004c9         Code  Gb  cstartup_M.o [4]
__iar_zero_init3        0x08000391   0x40  Code  Gb  zero_init3.o [4]
__low_level_init        0x0800048f    0x4  Code  Gb  low_level_init.o [3]
__vector_table          0x08000000         Data  Gb  startup_stm32f10x_md.o [1]
_call_main              0x08000481         Code  Gb  cmain.o [4]
_exit                   0x08000499         Code  Gb  cexit.o [4]
_main                   0x0800048b         Code  Gb  cmain.o [4]
exit                    0x08000493    0x4  Code  Gb  exit.o [3]
main                    0x0800040d   0x30  Code  Gb  main.o [1]


[1] = D:\Dropbox\STM32\STM32_SamplePrj_C\Debug\Obj
[2] = command line
[3] = dl7M_tln.a
[4] = rt7M_tl.a
[5] = shb_l.a

  1 424 bytes of readonly  code memory
     16 bytes of readonly  data memory
  2 053 bytes of readwrite data memory

Errors: none
Warnings: none
