###############################################################################
#
# IAR ELF Linker V7.50.2.10312/W32 for ARM                01/Mar/2017  10:41:18
# Copyright 2007-2015 IAR Systems AB.
#
#    Output file  =  
#        C:\Repo\STM32\STM32_Sample_C\Debug\Exe\STM32_SamplePrj_C.out
#    Map file     =  
#        C:\Repo\STM32\STM32_Sample_C\Debug\List\STM32_SamplePrj_C.map
#    Command line =  
#        C:\Repo\STM32\STM32_Sample_C\Debug\Obj\GlobalError.o
#        C:\Repo\STM32\STM32_Sample_C\Debug\Obj\interrupts.o
#        C:\Repo\STM32\STM32_Sample_C\Debug\Obj\lcd.o
#        C:\Repo\STM32\STM32_Sample_C\Debug\Obj\main.o
#        C:\Repo\STM32\STM32_Sample_C\Debug\Obj\startup_stm32f10x_md.o
#        C:\Repo\STM32\STM32_Sample_C\Debug\Obj\STM32F10xXX_SPI.o
#        C:\Repo\STM32\STM32_Sample_C\Debug\Obj\STM32F10xXX_USART.o
#        C:\Repo\STM32\STM32_Sample_C\Debug\Obj\system_stm32f10x.o
#        C:\Repo\STM32\STM32_Sample_C\Debug\Obj\UserConfig.o -o
#        C:\Repo\STM32\STM32_Sample_C\Debug\Exe\STM32_SamplePrj_C.out --map
#        C:\Repo\STM32\STM32_Sample_C\Debug\List\STM32_SamplePrj_C.map --config
#        "C:\Program Files (x86)\IAR Systems\Embedded Workbench
#        7.3\arm\config\linker\ST\stm32f103xB.icf" --semihosting --entry
#        __iar_program_start --vfe
#
###############################################################################

*******************************************************************************
*** RUNTIME MODEL ATTRIBUTES
***

CppFlavor       = *
__CPP_Language  = EC++
__SystemLibrary = DLib


*******************************************************************************
*** PLACEMENT SUMMARY
***

"A1":  place at 0x08000000 { ro section .intvec };
"P1":  place in [from 0x08000000 to 0x0801ffff] { ro };
"P2":  place in [from 0x20000000 to 0x20004fff] { rw, block CSTACK, block HEAP };

  Section          Kind        Address   Size  Object
  -------          ----        -------   ----  ------
"A1":                                    0xec
  .intvec          ro code  0x08000000   0xec  startup_stm32f10x_md.o [1]
                          - 0x080000ec   0xec

"P1":                                   0x348
  .text            ro code  0x080000ec  0x158  system_stm32f10x.o [1]
  .text            ro code  0x08000244   0x40  zero_init3.o [4]
  .text            ro code  0x08000284   0x3c  interrupts.o [1]
  .text            ro code  0x080002c0   0x28  data_init.o [4]
  .iar.init_table  const    0x080002e8   0x10  - Linker created -
  .text            ro code  0x080002f8   0x1a  cmain.o [4]
  .text            ro code  0x08000312    0x4  low_level_init.o [3]
  .text            ro code  0x08000318   0x10  main.o [1]
  .text            ro code  0x08000328    0x4  exit.o [3]
  .text            ro code  0x0800032c    0xa  cexit.o [4]
  .text            ro code  0x08000338   0x14  exit.o [5]
  .text            ro code  0x0800034c   0x10  startup_stm32f10x_md.o [1]
  .text            ro code  0x0800035c    0xc  cstartup_M.o [4]
  .text            ro code  0x08000368    0x4  startup_stm32f10x_md.o [1]
  .text            ro code  0x0800036c    0x4  startup_stm32f10x_md.o [1]
  .text            ro code  0x08000370    0x4  startup_stm32f10x_md.o [1]
  .text            ro code  0x08000374    0x4  startup_stm32f10x_md.o [1]
  .text            ro code  0x08000378    0x4  startup_stm32f10x_md.o [1]
  .text            ro code  0x0800037c    0x4  startup_stm32f10x_md.o [1]
  .text            ro code  0x08000380    0x4  startup_stm32f10x_md.o [1]
  .text            ro code  0x08000384    0x4  startup_stm32f10x_md.o [1]
  .text            ro code  0x08000388    0x4  startup_stm32f10x_md.o [1]
  .text            ro code  0x0800038c    0x4  startup_stm32f10x_md.o [1]
  .text            ro code  0x08000390    0x4  startup_stm32f10x_md.o [1]
  .text            ro code  0x08000394    0x4  startup_stm32f10x_md.o [1]
  .text            ro code  0x08000398    0x4  startup_stm32f10x_md.o [1]
  .text            ro code  0x0800039c    0x4  startup_stm32f10x_md.o [1]
  .text            ro code  0x080003a0    0x4  startup_stm32f10x_md.o [1]
  .text            ro code  0x080003a4    0x4  startup_stm32f10x_md.o [1]
  .text            ro code  0x080003a8    0x4  startup_stm32f10x_md.o [1]
  .text            ro code  0x080003ac    0x4  startup_stm32f10x_md.o [1]
  .text            ro code  0x080003b0    0x4  startup_stm32f10x_md.o [1]
  .text            ro code  0x080003b4    0x4  startup_stm32f10x_md.o [1]
  .text            ro code  0x080003b8    0x4  startup_stm32f10x_md.o [1]
  .text            ro code  0x080003bc    0x4  startup_stm32f10x_md.o [1]
  .text            ro code  0x080003c0    0x4  startup_stm32f10x_md.o [1]
  .text            ro code  0x080003c4    0x4  startup_stm32f10x_md.o [1]
  .text            ro code  0x080003c8    0x4  startup_stm32f10x_md.o [1]
  .text            ro code  0x080003cc    0x4  startup_stm32f10x_md.o [1]
  .text            ro code  0x080003d0    0x4  startup_stm32f10x_md.o [1]
  .text            ro code  0x080003d4    0x4  startup_stm32f10x_md.o [1]
  .text            ro code  0x080003d8    0x4  startup_stm32f10x_md.o [1]
  .text            ro code  0x080003dc    0x4  startup_stm32f10x_md.o [1]
  .text            ro code  0x080003e0    0x4  startup_stm32f10x_md.o [1]
  .text            ro code  0x080003e4    0x4  startup_stm32f10x_md.o [1]
  .text            ro code  0x080003e8    0x4  startup_stm32f10x_md.o [1]
  .text            ro code  0x080003ec    0x4  startup_stm32f10x_md.o [1]
  .text            ro code  0x080003f0    0x4  startup_stm32f10x_md.o [1]
  .text            ro code  0x080003f4    0x4  startup_stm32f10x_md.o [1]
  .text            ro code  0x080003f8    0x4  startup_stm32f10x_md.o [1]
  .text            ro code  0x080003fc    0x4  startup_stm32f10x_md.o [1]
  .text            ro code  0x08000400    0x4  startup_stm32f10x_md.o [1]
  .text            ro code  0x08000404    0x4  startup_stm32f10x_md.o [1]
  .text            ro code  0x08000408    0x4  startup_stm32f10x_md.o [1]
  .text            ro code  0x0800040c    0x4  startup_stm32f10x_md.o [1]
  .text            ro code  0x08000410    0x4  startup_stm32f10x_md.o [1]
  .text            ro code  0x08000414    0x4  startup_stm32f10x_md.o [1]
  .text            ro code  0x08000418    0x4  startup_stm32f10x_md.o [1]
  .text            ro code  0x0800041c    0x4  startup_stm32f10x_md.o [1]
  .text            ro code  0x08000420    0x4  startup_stm32f10x_md.o [1]
  .text            ro code  0x08000424    0x4  startup_stm32f10x_md.o [1]
  .text            ro code  0x08000428    0x4  startup_stm32f10x_md.o [1]
  .text            ro code  0x0800042c    0x4  startup_stm32f10x_md.o [1]
  .text            ro code  0x08000430    0x4  startup_stm32f10x_md.o [1]
  .rodata          const    0x08000434    0x0  zero_init3.o [4]
                          - 0x08000434  0x348

"P2", part 1 of 2:                        0x8
  .bss             zero     0x20000000    0x4  interrupts.o [1]
  .bss             zero     0x20000004    0x1  main.o [1]
  .bss             zero     0x20000005    0x1  main.o [1]
                          - 0x20000006    0x6

"P2", part 2 of 2:                      0x800
  CSTACK                    0x20000008  0x800  <Block>
    CSTACK         uninit   0x20000008  0x800  <Block tail>
                          - 0x20000808  0x800


*******************************************************************************
*** INIT TABLE
***

          Address     Size
          -------     ----
Zero (__iar_zero_init3)
    1 destination range, total size 0x6:
          0x20000000   0x6



*******************************************************************************
*** MODULE SUMMARY
***

    Module                  ro code  ro data  rw data
    ------                  -------  -------  -------
C:\Repo\STM32\STM32_Sample_C\Debug\Obj: [1]
    interrupts.o                 60                 4
    main.o                       16                 2
    startup_stm32f10x_md.o      456
    system_stm32f10x.o          344
    -------------------------------------------------
    Total:                      876                 6

command line: [2]
    -------------------------------------------------
    Total:

dl7M_tln.a: [3]
    exit.o                        4
    low_level_init.o              4
    -------------------------------------------------
    Total:                        8

rt7M_tl.a: [4]
    cexit.o                      10
    cmain.o                      26
    cstartup_M.o                 12
    data_init.o                  40
    zero_init3.o                 64
    -------------------------------------------------
    Total:                      152

shb_l.a: [5]
    exit.o                       20
    -------------------------------------------------
    Total:                       20

    Gaps                          4
    Linker created                        16    2 048
-----------------------------------------------------
    Grand Total:              1 060       16    2 054


*******************************************************************************
*** ENTRY LIST
***

Entry                      Address  Size  Type      Object
-----                      -------  ----  ----      ------
.iar.init_table$$Base   0x080002e8         --   Gb  - Linker created -
.iar.init_table$$Limit  0x080002f8         --   Gb  - Linker created -
?main                   0x080002f9        Code  Gb  cmain.o [4]
CSTACK$$Base            0x20000008         --   Gb  - Linker created -
CSTACK$$Limit           0x20000808         --   Gb  - Linker created -
Flag1                   0x20000004   0x1  Data  Gb  main.o [1]
Region$$Table$$Base     0x080002e8         --   Gb  - Linker created -
Region$$Table$$Limit    0x080002f8         --   Gb  - Linker created -
SetSysClock             0x08000141   0x8  Code  Lc  system_stm32f10x.o [1]
SetSysClockTo72         0x08000149  0xe0  Code  Lc  system_stm32f10x.o [1]
SysTick_Handler         0x08000285  0x3c  Code  Gb  interrupts.o [1]
SystemInit              0x080000ed  0x54  Code  Gb  system_stm32f10x.o [1]
__cmain                 0x080002f9        Code  Gb  cmain.o [4]
__exit                  0x08000339  0x14  Code  Gb  exit.o [5]
__iar_data_init3        0x080002c1  0x28  Code  Gb  data_init.o [4]
__iar_program_start     0x0800035d        Code  Gb  cstartup_M.o [4]
__iar_zero_init3        0x08000245  0x40  Code  Gb  zero_init3.o [4]
__low_level_init        0x08000313   0x4  Code  Gb  low_level_init.o [3]
__vector_table          0x08000000        Data  Gb  startup_stm32f10x_md.o [1]
_call_main              0x08000305        Code  Gb  cmain.o [4]
_exit                   0x0800032d        Code  Gb  cexit.o [4]
_main                   0x0800030f        Code  Gb  cmain.o [4]
exit                    0x08000329   0x4  Code  Gb  exit.o [3]
i                       0x20000005   0x1  Data  Gb  main.o [1]
main                    0x08000319  0x10  Code  Gb  main.o [1]


[1] = C:\Repo\STM32\STM32_Sample_C\Debug\Obj
[2] = command line
[3] = dl7M_tln.a
[4] = rt7M_tl.a
[5] = shb_l.a

  1 060 bytes of readonly  code memory
     16 bytes of readonly  data memory
  2 054 bytes of readwrite data memory

Errors: none
Warnings: none
